------------------------------------------------------------
TimeQuest Timing Analyzer Summary
------------------------------------------------------------

Type  : Slow 1200mV 100C Model Setup 'pll_i|altpll_component|auto_generated|pll1|clk[0]'
Slack : 10.897
TNS   : 0.000

Type  : Slow 1200mV 100C Model Hold 'pll_i|altpll_component|auto_generated|pll1|clk[0]'
Slack : 0.368
TNS   : 0.000

Type  : Slow 1200mV 100C Model Recovery 'pll_i|altpll_component|auto_generated|pll1|clk[0]'
Slack : 16.104
TNS   : 0.000

Type  : Slow 1200mV 100C Model Removal 'pll_i|altpll_component|auto_generated|pll1|clk[0]'
Slack : 2.832
TNS   : 0.000

Type  : Slow 1200mV 100C Model Minimum Pulse Width 'clk50mhz'
Slack : 9.879
TNS   : 0.000

Type  : Slow 1200mV 100C Model Minimum Pulse Width 'pll_i|altpll_component|auto_generated|pll1|clk[0]'
Slack : 10.136
TNS   : 0.000

Type  : Slow 1200mV -40C Model Setup 'pll_i|altpll_component|auto_generated|pll1|clk[0]'
Slack : 11.978
TNS   : 0.000

Type  : Slow 1200mV -40C Model Hold 'pll_i|altpll_component|auto_generated|pll1|clk[0]'
Slack : 0.345
TNS   : 0.000

Type  : Slow 1200mV -40C Model Recovery 'pll_i|altpll_component|auto_generated|pll1|clk[0]'
Slack : 16.545
TNS   : 0.000

Type  : Slow 1200mV -40C Model Removal 'pll_i|altpll_component|auto_generated|pll1|clk[0]'
Slack : 2.442
TNS   : 0.000

Type  : Slow 1200mV -40C Model Minimum Pulse Width 'clk50mhz'
Slack : 9.886
TNS   : 0.000

Type  : Slow 1200mV -40C Model Minimum Pulse Width 'pll_i|altpll_component|auto_generated|pll1|clk[0]'
Slack : 10.130
TNS   : 0.000

Type  : Fast 1200mV -40C Model Setup 'pll_i|altpll_component|auto_generated|pll1|clk[0]'
Slack : 16.162
TNS   : 0.000

Type  : Fast 1200mV -40C Model Hold 'pll_i|altpll_component|auto_generated|pll1|clk[0]'
Slack : 0.150
TNS   : 0.000

Type  : Fast 1200mV -40C Model Recovery 'pll_i|altpll_component|auto_generated|pll1|clk[0]'
Slack : 18.424
TNS   : 0.000

Type  : Fast 1200mV -40C Model Removal 'pll_i|altpll_component|auto_generated|pll1|clk[0]'
Slack : 1.350
TNS   : 0.000

Type  : Fast 1200mV -40C Model Minimum Pulse Width 'clk50mhz'
Slack : 9.623
TNS   : 0.000

Type  : Fast 1200mV -40C Model Minimum Pulse Width 'pll_i|altpll_component|auto_generated|pll1|clk[0]'
Slack : 10.159
TNS   : 0.000

------------------------------------------------------------
