------------------------------------------------------------
TimeQuest Timing Analyzer Summary
------------------------------------------------------------

Type  : Slow 1200mV 100C Model Setup 'pll_i|altpll_component|auto_generated|pll1|clk[0]'
Slack : 10.393
TNS   : 0.000

Type  : Slow 1200mV 100C Model Hold 'pll_i|altpll_component|auto_generated|pll1|clk[0]'
Slack : 0.369
TNS   : 0.000

Type  : Slow 1200mV 100C Model Recovery 'pll_i|altpll_component|auto_generated|pll1|clk[0]'
Slack : 17.392
TNS   : 0.000

Type  : Slow 1200mV 100C Model Removal 'pll_i|altpll_component|auto_generated|pll1|clk[0]'
Slack : 1.848
TNS   : 0.000

Type  : Slow 1200mV 100C Model Minimum Pulse Width 'clk50mhz'
Slack : 9.879
TNS   : 0.000

Type  : Slow 1200mV 100C Model Minimum Pulse Width 'pll_i|altpll_component|auto_generated|pll1|clk[0]'
Slack : 10.136
TNS   : 0.000

Type  : Slow 1200mV -40C Model Setup 'pll_i|altpll_component|auto_generated|pll1|clk[0]'
Slack : 11.538
TNS   : 0.000

Type  : Slow 1200mV -40C Model Hold 'pll_i|altpll_component|auto_generated|pll1|clk[0]'
Slack : 0.345
TNS   : 0.000

Type  : Slow 1200mV -40C Model Recovery 'pll_i|altpll_component|auto_generated|pll1|clk[0]'
Slack : 17.757
TNS   : 0.000

Type  : Slow 1200mV -40C Model Removal 'pll_i|altpll_component|auto_generated|pll1|clk[0]'
Slack : 1.624
TNS   : 0.000

Type  : Slow 1200mV -40C Model Minimum Pulse Width 'clk50mhz'
Slack : 9.886
TNS   : 0.000

Type  : Slow 1200mV -40C Model Minimum Pulse Width 'pll_i|altpll_component|auto_generated|pll1|clk[0]'
Slack : 10.130
TNS   : 0.000

Type  : Fast 1200mV -40C Model Setup 'pll_i|altpll_component|auto_generated|pll1|clk[0]'
Slack : 15.864
TNS   : 0.000

Type  : Fast 1200mV -40C Model Hold 'pll_i|altpll_component|auto_generated|pll1|clk[0]'
Slack : 0.150
TNS   : 0.000

Type  : Fast 1200mV -40C Model Recovery 'pll_i|altpll_component|auto_generated|pll1|clk[0]'
Slack : 19.129
TNS   : 0.000

Type  : Fast 1200mV -40C Model Removal 'pll_i|altpll_component|auto_generated|pll1|clk[0]'
Slack : 0.852
TNS   : 0.000

Type  : Fast 1200mV -40C Model Minimum Pulse Width 'clk50mhz'
Slack : 9.623
TNS   : 0.000

Type  : Fast 1200mV -40C Model Minimum Pulse Width 'pll_i|altpll_component|auto_generated|pll1|clk[0]'
Slack : 10.159
TNS   : 0.000

------------------------------------------------------------
